info: Database connected successfully {"timestamp":"2025-11-26T02:18:06.128Z"}
info: Database connected successfully {"timestamp":"2025-11-26T02:18:07.843Z"}
info: Database connected successfully {"timestamp":"2025-11-26T02:18:17.683Z"}
info: Database connected successfully {"timestamp":"2025-11-26T02:23:43.228Z"}
info: Database connected successfully {"timestamp":"2025-11-26T02:23:43.230Z"}
info: Middlewares loaded {"timestamp":"2025-11-26T02:23:43.232Z"}
info: Express App initialized {"timestamp":"2025-11-26T02:23:43.232Z"}
info: Server started on port 5000 {"timestamp":"2025-11-26T02:23:43.234Z"}
info: Database connected successfully {"timestamp":"2025-11-26T02:24:13.576Z"}
info: Database connected successfully {"timestamp":"2025-11-26T02:24:13.578Z"}
info: Middlewares loaded {"timestamp":"2025-11-26T02:24:13.580Z"}
info: Express App initialized {"timestamp":"2025-11-26T02:24:13.580Z"}
info: Server started on port 5000 {"timestamp":"2025-11-26T02:24:13.582Z"}
info: Database connected successfully {"timestamp":"2025-11-26T03:18:07.619Z"}
info: Database connected successfully {"timestamp":"2025-11-26T03:18:07.621Z"}
info: Middlewares loaded {"timestamp":"2025-11-26T03:18:07.624Z"}
info: Express App initialized {"timestamp":"2025-11-26T03:18:07.624Z"}
info: Server started on port 5000 {"timestamp":"2025-11-26T03:18:07.626Z"}
info: Database connected successfully {"timestamp":"2025-11-26T03:18:08.569Z"}
info: Database connected successfully {"timestamp":"2025-11-26T03:18:08.572Z"}
info: Middlewares loaded {"timestamp":"2025-11-26T03:18:08.574Z"}
info: Express App initialized {"timestamp":"2025-11-26T03:18:08.575Z"}
info: Server started on port 5000 {"timestamp":"2025-11-26T03:18:08.578Z"}
info: Database connected successfully {"timestamp":"2025-11-26T03:21:49.772Z"}
info: Database connected successfully {"timestamp":"2025-11-26T03:21:49.773Z"}
info: Middlewares loaded {"timestamp":"2025-11-26T03:21:49.774Z"}
info: Express App initialized {"timestamp":"2025-11-26T03:21:49.774Z"}
info: Server started on port 5000 {"timestamp":"2025-11-26T03:21:49.775Z"}
info: Database connected successfully {"timestamp":"2025-11-26T03:26:26.024Z"}
info: Database connected successfully {"timestamp":"2025-11-26T03:26:26.025Z"}
info: Middlewares loaded {"timestamp":"2025-11-26T03:26:26.026Z"}
info: Express App initialized {"timestamp":"2025-11-26T03:26:26.026Z"}
info: Server started on port 5000 {"timestamp":"2025-11-26T03:26:26.027Z"}
info: Database connected successfully {"timestamp":"2025-11-26T03:26:50.373Z"}
info: Database connected successfully {"timestamp":"2025-11-26T03:26:50.374Z"}
info: Middlewares loaded {"timestamp":"2025-11-26T03:26:50.376Z"}
info: Express App initialized {"timestamp":"2025-11-26T03:26:50.376Z"}
info: Server started on port 5000 {"timestamp":"2025-11-26T03:26:50.377Z"}
info: Database connected successfully {"timestamp":"2025-11-26T03:26:53.470Z"}
info: Database connected successfully {"timestamp":"2025-11-26T03:26:53.470Z"}
info: Middlewares loaded {"timestamp":"2025-11-26T03:26:53.472Z"}
info: Express App initialized {"timestamp":"2025-11-26T03:26:53.472Z"}
info: Server started on port 5000 {"timestamp":"2025-11-26T03:26:53.473Z"}
info: Database connected successfully {"timestamp":"2025-11-26T03:27:30.556Z"}
info: Database connected successfully {"timestamp":"2025-11-26T03:27:30.557Z"}
info: Middlewares loaded {"timestamp":"2025-11-26T03:27:30.557Z"}
info: Express App initialized {"timestamp":"2025-11-26T03:27:30.558Z"}
info: Server started on port 5000 {"timestamp":"2025-11-26T03:27:30.559Z"}
info: Database connected successfully {"timestamp":"2025-11-26T03:29:32.550Z"}
info: Database connected successfully {"timestamp":"2025-11-26T03:29:38.917Z"}
info: Database connected successfully {"timestamp":"2025-11-26T03:29:40.511Z"}
info: Database connected successfully {"timestamp":"2025-11-26T03:29:43.561Z"}
info: Database connected successfully {"timestamp":"2025-11-26T03:29:45.390Z"}
info: Database connected successfully {"timestamp":"2025-11-26T03:29:45.391Z"}
info: Middlewares loaded {"timestamp":"2025-11-26T03:29:45.392Z"}
info: Routes mounted {"timestamp":"2025-11-26T03:29:45.392Z"}
info: Express App initialized {"timestamp":"2025-11-26T03:29:45.392Z"}
info: Server started on port 5000 {"timestamp":"2025-11-26T03:29:45.393Z"}
info: Database connected successfully {"timestamp":"2025-11-26T04:19:59.170Z"}
info: Database connected successfully {"timestamp":"2025-11-26T04:19:59.171Z"}
info: Middlewares loaded {"timestamp":"2025-11-26T04:19:59.171Z"}
info: Routes mounted {"timestamp":"2025-11-26T04:19:59.172Z"}
info: Express App initialized {"timestamp":"2025-11-26T04:19:59.172Z"}
info: Server started on port 5000 {"timestamp":"2025-11-26T04:19:59.173Z"}
